<?xml version="1.0" encoding="UTF-8"?>
<testsuites tests="142" failures="1" disabled="0" errors="0" timestamp="2026-02-05T13:52:50" time="0.003" name="AllTests">
  <testsuite name="SCurveMath" tests="65" failures="0" disabled="0" errors="0" time="0.001">
    <testcase name="JerkDistance_Zero" status="run" time="0" classname="SCurveMath" />
    <testcase name="JerkDistance_ConstantVelocity" status="run" time="0" classname="SCurveMath" />
    <testcase name="JerkDistance_ConstantAccel" status="run" time="0" classname="SCurveMath" />
    <testcase name="JerkVelocity_Zero" status="run" time="0" classname="SCurveMath" />
    <testcase name="JerkVelocity_ConstantAccel" status="run" time="0" classname="SCurveMath" />
    <testcase name="JerkAccel_Basic" status="run" time="0" classname="SCurveMath" />
    <testcase name="AccelDistance_NoAccelNeeded" status="run" time="0" classname="SCurveMath" />
    <testcase name="AccelDistance_Positive" status="run" time="0" classname="SCurveMath" />
    <testcase name="AccelDistance_LargerThanTrapezoidal" status="run" time="0" classname="SCurveMath" />
    <testcase name="DecelDistance_NoDecelNeeded" status="run" time="0" classname="SCurveMath" />
    <testcase name="DecelDistance_Positive" status="run" time="0" classname="SCurveMath" />
    <testcase name="DecelDistance_ToZero" status="run" time="0" classname="SCurveMath" />
    <testcase name="SolveMaxEntrySpeed_FromZero" status="run" time="0" classname="SCurveMath" />
    <testcase name="SolveMaxExitSpeed_FromZero" status="run" time="0" classname="SCurveMath" />
    <testcase name="ComputePeakVelocity_ShortMove" status="run" time="0" classname="SCurveMath" />
    <testcase name="ComputePeakVelocity_LongMove" status="run" time="0" classname="SCurveMath" />
    <testcase name="PlanProfile_Basic" status="run" time="0" classname="SCurveMath" />
    <testcase name="PlanProfile_ConstantVelocity" status="run" time="0" classname="SCurveMath" />
    <testcase name="TriangularProfile" status="run" time="0" classname="SCurveMath" />
    <testcase name="ZeroJerkFallback" status="run" time="0" classname="SCurveMath" />
    <testcase name="Symmetry" status="run" time="0" classname="SCurveMath" />
    <testcase name="Clamp_InRange" status="run" time="0" classname="SCurveMath" />
    <testcase name="Clamp_BelowMin" status="run" time="0" classname="SCurveMath" />
    <testcase name="Clamp_AboveMax" status="run" time="0" classname="SCurveMath" />
    <testcase name="SafeSqrt_Negative" status="run" time="0" classname="SCurveMath" />
    <testcase name="SafeSqrt_Positive" status="run" time="0" classname="SCurveMath" />
    <testcase name="Sq_Basic" status="run" time="0" classname="SCurveMath" />
    <testcase name="JerkTime_Basic" status="run" time="0" classname="SCurveMath" />
    <testcase name="JerkVelocityChange_Basic" status="run" time="0" classname="SCurveMath" />
    <testcase name="JerkDistance_AllComponents" status="run" time="0" classname="SCurveMath" />
    <testcase name="JerkDistance_NegativeJerk" status="run" time="0" classname="SCurveMath" />
    <testcase name="JerkVelocity_NegativeAccel" status="run" time="0" classname="SCurveMath" />
    <testcase name="JerkAccel_ZeroTime" status="run" time="0" classname="SCurveMath" />
    <testcase name="JerkAccel_NegativeJerk" status="run" time="0" classname="SCurveMath" />
    <testcase name="AccelDistance_EqualVelocities" status="run" time="0" classname="SCurveMath" />
    <testcase name="DecelDistance_EqualVelocities" status="run" time="0" classname="SCurveMath" />
    <testcase name="AccelDistance_Monotonic" status="run" time="0" classname="SCurveMath" />
    <testcase name="AccelDistance_JerkImpact" status="run" time="0" classname="SCurveMath" />
    <testcase name="AccelDistance_AccelImpact" status="run" time="0" classname="SCurveMath" />
    <testcase name="AccelDistanceWithAccel_NonZeroEntry" status="run" time="0" classname="SCurveMath" />
    <testcase name="AccelDistanceWithAccel_VsZeroEntry" status="run" time="0" classname="SCurveMath" />
    <testcase name="DecelDistanceWithAccel_NonZeroEntry" status="run" time="0" classname="SCurveMath" />
    <testcase name="DecelDistanceWithAccel_Impossible" status="run" time="0" classname="SCurveMath" />
    <testcase name="SolveMaxEntrySpeed_VeryShortDistance" status="run" time="0" classname="SCurveMath" />
    <testcase name="SolveMaxEntrySpeed_LongDistance" status="run" time="0" classname="SCurveMath" />
    <testcase name="SolveMaxEntrySpeed_Consistency" status="run" time="0" classname="SCurveMath" />
    <testcase name="SolveMaxExitSpeed_Consistency" status="run" time="0" classname="SCurveMath" />
    <testcase name="Solver_Symmetry" status="run" time="0" classname="SCurveMath" />
    <testcase name="ComputePeakVelocity_NeverExceedsMax" status="run" time="0" classname="SCurveMath" />
    <testcase name="ComputePeakVelocity_EntryHigherThanExit" status="run" time="0" classname="SCurveMath" />
    <testcase name="ComputePeakVelocity_ExitHigherThanEntry" status="run" time="0" classname="SCurveMath" />
    <testcase name="ComputePeakVelocity_DistanceImpact" status="run" time="0" classname="SCurveMath" />
    <testcase name="PlanProfile_ValidPhaseTimes" status="run" time="0" classname="SCurveMath" />
    <testcase name="PlanProfile_DistanceSum" status="run" time="0" classname="SCurveMath" />
    <testcase name="PlanProfile_AsymmetricSpeeds" status="run" time="0" classname="SCurveMath" />
    <testcase name="PlanProfile_ShortDistance" status="run" time="0" classname="SCurveMath" />
    <testcase name="PlanProfile_HighSpeedEntry" status="run" time="0" classname="SCurveMath" />
    <testcase name="PlanProfile_AccelPhaseMonotonic" status="run" time="0" classname="SCurveMath" />
    <testcase name="PlanProfile_DecelPhaseMonotonic" status="run" time="0" classname="SCurveMath" />
    <testcase name="PlanProfile_JerkComparison" status="run" time="0" classname="SCurveMath" />
    <testcase name="PlanProfile_PhasesUsedBitmask" status="run" time="0" classname="SCurveMath" />
    <testcase name="SmallVelocity_AccelDistance" status="run" time="0" classname="SCurveMath" />
    <testcase name="LargeVelocity_AccelDistance" status="run" time="0" classname="SCurveMath" />
    <testcase name="ZeroJerk_SafeHandling" status="run" time="0" classname="SCurveMath" />
    <testcase name="PlanProfile_PureCruise" status="run" time="0" classname="SCurveMath" />
  </testsuite>
  <testsuite name="TrapezoidPlanner" tests="34" failures="0" disabled="0" errors="0" time="0.001">
    <testcase name="AccelDistance_Formula" status="run" time="0" classname="TrapezoidPlanner" />
    <testcase name="DecelDistance_Formula" status="run" time="0" classname="TrapezoidPlanner" />
    <testcase name="AccelDistance_ZeroChange" status="run" time="0" classname="TrapezoidPlanner" />
    <testcase name="Distance_Symmetry" status="run" time="0" classname="TrapezoidPlanner" />
    <testcase name="BackwardPass_SingleBlock" status="run" time="0" classname="TrapezoidPlanner" />
    <testcase name="BackwardPass_TwoBlocks" status="run" time="0" classname="TrapezoidPlanner" />
    <testcase name="BackwardPass_MultipleBlocks" status="run" time="0" classname="TrapezoidPlanner" />
    <testcase name="ForwardPass_LimitsAcceleration" status="run" time="0" classname="TrapezoidPlanner" />
    <testcase name="ForwardPass_MovesPlannedPointer" status="run" time="0" classname="TrapezoidPlanner" />
    <testcase name="Recalculate_ValidSpeeds" status="run" time="0" classname="TrapezoidPlanner" />
    <testcase name="Recalculate_LastBlockCanStop" status="run" time="0" classname="TrapezoidPlanner" />
    <testcase name="Recalculate_FromRest" status="run" time="0" classname="TrapezoidPlanner" />
    <testcase name="VelocityProfile_FullTrapezoid" status="run" time="0" classname="TrapezoidPlanner" />
    <testcase name="VelocityProfile_Triangular" status="run" time="0" classname="TrapezoidPlanner" />
    <testcase name="VelocityProfile_PureDecel" status="run" time="0" classname="TrapezoidPlanner" />
    <testcase name="VelocityProfile_InitialRampType" status="run" time="0" classname="TrapezoidPlanner" />
    <testcase name="RampUpdate_Acceleration" status="run" time="0.001" classname="TrapezoidPlanner" />
    <testcase name="RampUpdate_Cruise" status="run" time="0" classname="TrapezoidPlanner" />
    <testcase name="RampUpdate_Deceleration" status="run" time="0" classname="TrapezoidPlanner" />
    <testcase name="RampUpdate_PhaseTransition" status="run" time="0" classname="TrapezoidPlanner" />
    <testcase name="EdgeCase_ZeroLength" status="run" time="0" classname="TrapezoidPlanner" />
    <testcase name="EdgeCase_VeryShort" status="run" time="0" classname="TrapezoidPlanner" />
    <testcase name="EdgeCase_HighAccel" status="run" time="0" classname="TrapezoidPlanner" />
    <testcase name="EdgeCase_JunctionSpeedLimit" status="run" time="0" classname="TrapezoidPlanner" />
    <testcase name="Buffer_Wrapping" status="run" time="0" classname="TrapezoidPlanner" />
    <testcase name="Buffer_Empty" status="run" time="0" classname="TrapezoidPlanner" />
    <testcase name="Kinematics_BlockInternalConsistency" status="run" time="0" classname="TrapezoidPlanner" />
    <testcase name="Kinematics_VelocityContinuity" status="run" time="0" classname="TrapezoidPlanner" />
    <testcase name="Kinematics_LastBlockCanStop" status="run" time="0" classname="TrapezoidPlanner" />
    <testcase name="Kinematics_AccelerationLimits" status="run" time="0" classname="TrapezoidPlanner" />
    <testcase name="Kinematics_CompleteSequenceValidation" status="run" time="0" classname="TrapezoidPlanner" />
    <testcase name="Kinematics_ProfileShapes" status="run" time="0" classname="TrapezoidPlanner" />
    <testcase name="Kinematics_ProfileDistancesAchievable" status="run" time="0" classname="TrapezoidPlanner" />
    <testcase name="Kinematics_EntrySpeedLimits" status="run" time="0" classname="TrapezoidPlanner" />
  </testsuite>
  <testsuite name="SCurvePlanner" tests="43" failures="1" disabled="0" errors="0" time="0.001">
    <testcase name="AccelDistance_GreaterThanTrapezoidal" status="run" time="0" classname="SCurvePlanner" />
    <testcase name="AccelDistance_JerkImpact" status="run" time="0" classname="SCurvePlanner" />
    <testcase name="Distance_Symmetry" status="run" time="0" classname="SCurvePlanner" />
    <testcase name="BackwardPass_SingleBlock" status="run" time="0" classname="SCurvePlanner" />
    <testcase name="BackwardPass_UsesSCurveFormula" status="run" time="0" classname="SCurvePlanner" />
    <testcase name="BackwardPass_ComputesEntryAccel" status="run" time="0" classname="SCurvePlanner" />
    <testcase name="BackwardPass_MultipleBlocks" status="run" time="0" classname="SCurvePlanner" />
    <testcase name="ForwardPass_LimitsByAcceleration" status="run" time="0" classname="SCurvePlanner" />
    <testcase name="VelocityProfile_HasAllPhases" status="run" time="0" classname="SCurvePlanner" />
    <testcase name="VelocityProfile_StoresJerk" status="run" time="0" classname="SCurvePlanner" />
    <testcase name="VelocityProfile_StoresEntryAccel" status="run" time="0" classname="SCurvePlanner" />
    <testcase name="VelocityProfile_InitialRampType" status="run" time="0" classname="SCurvePlanner" />
    <testcase name="VelocityProfile_ShortMove" status="run" time="0" classname="SCurvePlanner" />
    <testcase name="RampUpdate_JerkAccelUp" status="run" time="0" classname="SCurvePlanner" />
    <testcase name="RampUpdate_ConstAccel" status="run" time="0" classname="SCurvePlanner" />
    <testcase name="RampUpdate_JerkAccelDown" status="run" time="0" classname="SCurvePlanner" />
    <testcase name="RampUpdate_Cruise" status="run" time="0" classname="SCurvePlanner" />
    <testcase name="RampUpdate_JerkDecelUp" status="run" time="0" classname="SCurvePlanner" />
    <testcase name="RampUpdate_ConstDecel" status="run" time="0" classname="SCurvePlanner" />
    <testcase name="RampUpdate_JerkDecelDown" status="run" time="0" classname="SCurvePlanner" />
    <testcase name="FeedHoldDistance_FromCruise" status="run" time="0" classname="SCurvePlanner" />
    <testcase name="FeedHoldDistance_WhileDecelerating" status="run" time="0" classname="SCurvePlanner" />
    <testcase name="FeedHoldDistance_AlreadyStopped" status="run" time="0" classname="SCurvePlanner" />
    <testcase name="CanUseSCurveStop_SufficientDistance" status="run" time="0" classname="SCurvePlanner" />
    <testcase name="CanUseSCurveStop_InsufficientDistance" status="run" time="0" classname="SCurvePlanner" />
    <testcase name="CanUseSCurveStop_AlreadyStopped" status="run" time="0" classname="SCurvePlanner" />
    <testcase name="RampUpdate_DecelOverride_SCurve" status="run" time="0" classname="SCurvePlanner" />
    <testcase name="ContinuousJerk_EntryAccelPropagation" status="run" time="0" classname="SCurvePlanner" />
    <testcase name="EdgeCase_VeryLowJerk" status="run" time="0" classname="SCurvePlanner" />
    <testcase name="EdgeCase_VeryHighJerk" status="run" time="0" classname="SCurvePlanner" />
    <testcase name="EdgeCase_VeryShortBlock" status="run" time="0" classname="SCurvePlanner" />
    <testcase name="Recalculate_ValidSCurveSpeeds" status="run" time="0" classname="SCurvePlanner" />
    <testcase name="Recalculate_LastBlockCanStop" status="run" time="0" classname="SCurvePlanner" />
    <testcase name="Kinematics_AccelerationContinuity" status="run" time="0" classname="SCurvePlanner" />
    <testcase name="Kinematics_JerkLimits" status="run" time="0" classname="SCurvePlanner" />
    <testcase name="Kinematics_CompleteProfileValidation" status="run" time="0" classname="SCurvePlanner" />
    <testcase name="Kinematics_MinimumStoppingDistance" status="run" time="0" classname="SCurvePlanner">
      <failure message="unknown file&#x0A;C++ exception with description &quot;Accelerating entry (needs extra distance): Distance (1253.2) should fit within requested (500.0)&quot; thrown in the test body." type=""><![CDATA[unknown file
C++ exception with description "Accelerating entry (needs extra distance): Distance (1253.2) should fit within requested (500.0)" thrown in the test body.]]></failure>
    </testcase>
    <testcase name="Kinematics_VelocityContinuity" status="run" time="0" classname="SCurvePlanner" />
    <testcase name="Kinematics_PhaseDistancesSumToTotal" status="run" time="0" classname="SCurvePlanner" />
    <testcase name="Kinematics_PhaseEquations" status="run" time="0" classname="SCurvePlanner" />
    <testcase name="Kinematics_RealisticToolpath" status="run" time="0" classname="SCurvePlanner" />
    <testcase name="Kinematics_HighJerkApproachesTrapezoidal" status="run" time="0" classname="SCurvePlanner" />
    <testcase name="Kinematics_SmoothAccelerationProfile" status="run" time="0" classname="SCurvePlanner" />
  </testsuite>
</testsuites>
